QA output created by parallels-checks
Formatting 'TEST_DIR/t.IMGFMT', fmt=IMGFMT size=4194304
== TEST OUT OF IMAGE CHECK ==
== write pattern ==
wrote 4194304/4194304 bytes at offset 0
4 MiB, X ops; XX:XX:XX.X (XXX YYY/sec and XXX ops/sec)
== corrupt image ==
== read corrupted image with repairing ==
Repairing cluster 0 is outside image
read 1048576/1048576 bytes at offset 0
1 MiB, X ops; XX:XX:XX.X (XXX YYY/sec and XXX ops/sec)
*** done
